|                                                              |  |  |4
|             /|=OGNIWA========================================|==o--|4
|            |_| NR                          |    /     STAL   |  |  |4
|            [ ] WAGA                        |    /     KRZEM  |  |  |4
|              | POJEMNOSC     -->           |    /     HELIUM |  |  |4
|            |=|                             |    /     TECHNET|  |  |4
|             \|===============================================|==o--|4
|                                                              |  |  |4
|                                                              |  |  |4
|             /|=LADOWNIE======================================|==o--|4
|            |_| NR                          |    /     STAL   |  |  |4
|            [ ] POJEMNOSC                   |    /     KRZEM  |  |  |4
|              | WAGA                        |    /     HELIUM |  |  |4
|            |=|                             |    /     TECHNET|  |  |4
|             \|===============================================|==o--|4
|                                                              |  |  |4
|                                                              |  |  |4
|             /|=UZBROJENIE====================================|==o--|4
|            |_| NR                          |    /     STAL   |  |  |4
|            [ ] MOC                         |    /     KRZEM  |  |  |4
|              | WAGA                        |    /     HELIUM |  |  |4
|            |=|                             |    /     TECHNET|  |  |4
|             \|===============================================|==o--|4
|                                                              |  |  |4
|                                                              |  |  |4
|             /|=PANCERZ=======================================|==o--|4
|            |_| NR                          |    /     STAL   |  |  |4
|            [ ] WYTRZYMALOSC                |    /     KRZEM  |  |  |4
|              | WAGA                        |    /     HELIUM |  |  |4
|            |=|                             |    /     TECHNET|  |  |4
|             \|===============================================|==o--|4
|                        \ ULEPSZENIA ROBOTA /                 |  |  |4
|                        |-------------------|                 |  |  |4
|                                                              |  |  |4
|                                                              |  |  |4
|                                                              |  |  |4
|               _________________________________________      |  |  |4
|              |                                         |     |  |  |4
|----// \\-----|-----------------FABRYKA-----------------|-----|  |  |4
|____// \\_____|_________________________________________|_____|  |  |4
