|------------------------------FABRYKA-------------------------------|4
| \ /\|                                                        |/\ / |4
|  o  |                                                        |  o  |4
|  |  |                                                        |  |  |4
|\ | /|                                                        |\ | /|4
| \|/ |                                                        | \|/ |4
|  o  |                                                        |  o  |4
| /|\ |                                                        | /|\ |4
|/ | \|                                                        |/ | \|4
|  |  |                                                        |  |  |4
|  o  |                                                        |  o  |4
| / \ |                                                        | / \ |4
|/   \|                                                        |/   \|4
|\    |                                                        |    /|4
| \   |                                                        |   / |4
|  \  |________________________________________________________|  /  |4
|   \ |________________________________________________________| /   |4
|    o|/==GENERATORY==PRADU==|/|===OGNIWA====|\|===LADOWNIE===\|o    |4
|\  / |\_____|1|2|3|4|5|_____/\|1|2|3|4|5|6|7|/\_|1|2|3|4|5|__/| \  /|4
| \/  |                                                        |  \/ |4
| / \ |                                                        |  /\ |4
|/   \|______________________                   _______________| /  \|4
|    o|/=KOLEKTORY=SLONECZNE=\                 /===PANCERZ====\|o    |4
|\  / |\_____|1|2|3|4|5|_____/                 \_|1|2|3|4|5|__/| \  /|4
| \/  |                                                        |  \/ |4
| /\  |                                                        |  /\ |4
|/  \ |______________________                   _______________| /  \|4
|    o|/=KOMPUTERY=POKLADOWE=\                 /===SILNIKI====\|o    |4
|\  / |\_____|1|2|3|4|5|_____/                 \1|2|3|4|5|6|7|/| \  /|4
| \/  |                                                        |  \/ |4
| /\  |                                                        |  /\ |4
|/  \ |______________________                   _______________| /  \|4
|    o|/REAKTORY=TELEPORTACJI\                 /==UZBROJENIE==\|o    |4
|   / |\_____|1|2|3|4|5|_____/                 \1|2|3|4|5|6|7|/| \   |4
|  /  |                                                        |  \  |4
| /   |                                                        |   \ |4
|/    |                                                        |    \|4
|     |----------------------------// \\-----------------------|     |4
|      \___________________________// \\______________________/      |4
----------------------------------------------------------------------4
