----------------------------------------------------------------------
                                                                     |
 v        Zz ZZ                                                      |
     zz   z             Z  z            Z z  z  z  Zz zz  z          |
               z z  z      z  z  z  zzZ    z  Z          Z           |
                                                                     |
     z       Z            z  z  Zz zz  z  Z z Z                 Z    |
                      Z      z  z  z  Zz zz  z  Z z Z             z  |
                    z                                                |
                                        Z z  z  z  Zz zz  z          |
                                                                    Z|
                                             Z  z                    |
                                                             z       |
                                                            #### #   |
                                            z  Zz zz  z      ## ##   |
                                                            ######   |
                                                            #### #   |
                               v             Z  z                    |
                                                      z   z       Z z|
                                                 z z           Z zz  |
                                                                     |
                                                         v           |
                                                   Z   Z  z         z|
                                                            z        |
                                         z  z  Zz zz  z              |
                                                                     |
                         v                                           |
                                                                     |
                                                         z       Z zZ|
        v                          v            v                    |
                                                                     |
                                                                     |
                         Z  z            z      Z  z                 |
                          zz   z             Z  z       Z  z         |
                                                                     |
     zz   z             Z  z           z  Zz zz  z                   |
         zz   z   Z          Z  z                           Z        |
                 Z Z zZ z  z  z                      Zz              |
  Z                                       z              z       z   |
----------------------------------------------------------------------
