                                                                      |4
                                                                      |4
              ___                                                     4
            //   ) )                                                  4
           ((         ___      ___      ___      ___                  4
             \\     //   ) ) //   ) ) //   ) ) //___) )               |
               ) ) //___/ / //   / / //       //                      |
        ((___ / / //       ((___( ( ((____   ((____                   |
                 //                                                   |
              ___                                                     |
            //   ) )           //                                     |
           //         ___     //  ___       __     _    __            |
          //        //   ) ) // //   ) ) //   ) ) //   / /            |
         //        //   / / // //   / / //   / / ((___/ /             |
        ((____/ / ((___/ / // ((___/ / //   / /      / /              |
                                                    / /               |4
                                                   / /                |4
                                                                      |4
                                                                      |4
                                                                      |4
                                                                      |4
                                                                      |4
                                                                      |4
                                                                      |4
                                                                      |4
                                                                      |4
                                                                      |4
                                                                      |4
                                                                      |4
                                                                      |4
                                                                      |4
                                                                      |4
                                                                      |4
                                                                      |4
                                                                      |4
                                                                      |4
                                                                      |4
                                                                      |4
                                                                      |4
                                                                      |4
